mode: set
github.com/odysseythink/mlog/async_writer.go:28.95,37.2 1 1
github.com/odysseythink/mlog/async_writer.go:39.69,40.25 1 1
github.com/odysseythink/mlog/async_writer.go:40.25,43.24 3 1
github.com/odysseythink/mlog/async_writer.go:43.24,45.4 1 1
github.com/odysseythink/mlog/async_writer.go:45.9,45.32 1 1
github.com/odysseythink/mlog/async_writer.go:45.32,47.4 1 1
github.com/odysseythink/mlog/async_writer.go:48.3,48.20 1 1
github.com/odysseythink/mlog/async_writer.go:48.20,49.48 1 1
github.com/odysseythink/mlog/async_writer.go:49.48,51.5 1 1
github.com/odysseythink/mlog/async_writer.go:53.3,53.32 1 1
github.com/odysseythink/mlog/async_writer.go:53.32,54.25 1 1
github.com/odysseythink/mlog/async_writer.go:54.25,56.5 1 1
github.com/odysseythink/mlog/async_writer.go:57.4,57.26 1 1
github.com/odysseythink/mlog/async_writer.go:57.26,60.5 2 1
github.com/odysseythink/mlog/async_writer.go:61.4,61.24 1 1
github.com/odysseythink/mlog/async_writer.go:61.24,63.5 1 1
github.com/odysseythink/mlog/async_writer.go:64.4,68.27 5 1
github.com/odysseythink/mlog/async_writer.go:70.3,70.26 1 1
github.com/odysseythink/mlog/async_writer.go:72.2,72.45 1 1
github.com/odysseythink/mlog/async_writer.go:72.45,73.39 1 1
github.com/odysseythink/mlog/async_writer.go:73.39,75.4 1 1
github.com/odysseythink/mlog/async_writer.go:77.2,77.12 1 1
github.com/odysseythink/mlog/async_writer.go:81.41,82.39 1 1
github.com/odysseythink/mlog/async_writer.go:82.39,84.3 1 1
github.com/odysseythink/mlog/async_writer.go:85.2,85.40 1 1
github.com/odysseythink/mlog/async_writer.go:85.40,87.3 1 1
github.com/odysseythink/mlog/async_writer.go:88.2,90.23 3 1
github.com/odysseythink/mlog/async_writer.go:94.37,95.36 1 1
github.com/odysseythink/mlog/async_writer.go:95.36,97.3 1 1
github.com/odysseythink/mlog/async_writer.go:98.2,98.35 1 1
github.com/odysseythink/mlog/async_writer.go:101.38,103.2 1 1
github.com/odysseythink/mlog/async_writer.go:117.66,130.2 4 1
github.com/odysseythink/mlog/async_writer.go:132.37,142.6 7 1
github.com/odysseythink/mlog/async_writer.go:142.6,143.10 1 1
github.com/odysseythink/mlog/async_writer.go:144.21,145.8 1 1
github.com/odysseythink/mlog/async_writer.go:145.8,147.15 2 1
github.com/odysseythink/mlog/async_writer.go:147.15,148.11 1 1
github.com/odysseythink/mlog/async_writer.go:150.5,150.37 1 1
github.com/odysseythink/mlog/async_writer.go:152.4,153.10 2 1
github.com/odysseythink/mlog/async_writer.go:155.34,157.21 2 1
github.com/odysseythink/mlog/async_writer.go:157.21,159.5 1 1
github.com/odysseythink/mlog/async_writer.go:160.4,160.21 1 1
github.com/odysseythink/mlog/async_writer.go:162.19,163.17 1 1
github.com/odysseythink/mlog/async_writer.go:163.17,166.5 2 1
github.com/odysseythink/mlog/async_writer.go:168.11,170.13 2 1
github.com/odysseythink/mlog/async_writer.go:170.13,172.34 2 1
github.com/odysseythink/mlog/async_writer.go:172.34,175.6 2 1
github.com/odysseythink/mlog/async_writer.go:175.11,177.6 1 1
github.com/odysseythink/mlog/async_writer.go:178.5,178.18 1 1
github.com/odysseythink/mlog/async_writer.go:179.10,180.24 1 1
github.com/odysseythink/mlog/async_writer.go:180.24,183.14 3 1
github.com/odysseythink/mlog/async_writer.go:185.5,186.12 2 1
github.com/odysseythink/mlog/async_writer.go:187.22,187.22 0 1
github.com/odysseythink/mlog/async_writer.go:188.36,190.23 2 1
github.com/odysseythink/mlog/async_writer.go:190.23,192.7 1 1
github.com/odysseythink/mlog/async_writer.go:193.6,193.23 1 1
github.com/odysseythink/mlog/async_writer.go:194.21,195.19 1 1
github.com/odysseythink/mlog/async_writer.go:195.19,198.7 2 1
github.com/odysseythink/mlog/async_writer.go:199.23,199.23 0 1
github.com/odysseythink/mlog/async_writer.go:206.31,207.9 1 1
github.com/odysseythink/mlog/async_writer.go:208.31,208.31 0 1
github.com/odysseythink/mlog/async_writer.go:209.10,209.10 0 1
github.com/odysseythink/mlog/async_writer.go:214.38,216.9 2 1
github.com/odysseythink/mlog/async_writer.go:217.31,218.18 1 1
github.com/odysseythink/mlog/async_writer.go:219.10,224.10 2 1
github.com/odysseythink/mlog/async_writer.go:225.32,226.19 1 0
github.com/odysseythink/mlog/async_writer.go:227.11,228.14 1 1
github.com/odysseythink/mlog/async_writer.go:233.32,234.43 1 1
github.com/odysseythink/mlog/async_writer.go:234.43,238.3 3 1
github.com/odysseythink/mlog/caller_cache.go:20.38,21.47 1 1
github.com/odysseythink/mlog/caller_cache.go:21.47,23.3 1 1
github.com/odysseythink/mlog/caller_cache.go:24.2,24.13 1 1
github.com/odysseythink/mlog/caller_cache.go:28.39,29.47 1 1
github.com/odysseythink/mlog/caller_cache.go:29.47,31.3 1 1
github.com/odysseythink/mlog/caller_cache.go:32.2,32.47 1 1
github.com/odysseythink/mlog/caller_cache.go:32.47,34.3 1 1
github.com/odysseythink/mlog/caller_cache.go:35.2,35.13 1 1
github.com/odysseythink/mlog/caller_cache.go:40.71,43.12 3 1
github.com/odysseythink/mlog/caller_cache.go:43.12,45.3 1 0
github.com/odysseythink/mlog/caller_cache.go:46.2,47.39 2 1
github.com/odysseythink/mlog/caller_cache.go:47.39,50.3 2 0
github.com/odysseythink/mlog/caller_cache.go:52.2,60.38 5 1
github.com/odysseythink/mlog/constants.go:74.31,75.24 1 1
github.com/odysseythink/mlog/constants.go:75.24,77.3 1 1
github.com/odysseythink/mlog/constants.go:80.24,83.2 2 1
github.com/odysseythink/mlog/encoder.go:23.27,24.24 1 1
github.com/odysseythink/mlog/encoder.go:24.24,25.26 1 0
github.com/odysseythink/mlog/encoder.go:26.15,27.42 1 0
github.com/odysseythink/mlog/encoder.go:28.17,29.44 1 0
github.com/odysseythink/mlog/encoder.go:30.11,31.46 1 0
github.com/odysseythink/mlog/encoder.go:34.2,37.16 4 1
github.com/odysseythink/mlog/encoder.go:37.16,39.3 1 1
github.com/odysseythink/mlog/encoder.go:40.2,40.27 1 0
github.com/odysseythink/mlog/encoder.go:44.30,45.24 1 1
github.com/odysseythink/mlog/encoder.go:45.24,47.3 1 1
github.com/odysseythink/mlog/encoder.go:48.2,50.27 3 1
github.com/odysseythink/mlog/encoder.go:55.18,58.3 2 1
github.com/odysseythink/mlog/encoder.go:61.26,63.2 1 1
github.com/odysseythink/mlog/encoder.go:65.27,66.33 1 1
github.com/odysseythink/mlog/encoder.go:66.33,68.3 1 0
github.com/odysseythink/mlog/encoder.go:69.2,70.19 2 1
github.com/odysseythink/mlog/encoder.go:74.31,74.56 1 1
github.com/odysseythink/mlog/encoder.go:77.31,77.56 1 1
github.com/odysseythink/mlog/encoder.go:80.33,80.60 1 1
github.com/odysseythink/mlog/encoder_json.go:14.39,14.51 1 1
github.com/odysseythink/mlog/encoder_json.go:16.56,35.47 12 1
github.com/odysseythink/mlog/encoder_json.go:35.47,37.3 1 1
github.com/odysseythink/mlog/encoder_json.go:38.2,49.33 8 1
github.com/odysseythink/mlog/encoder_json.go:49.33,54.3 4 1
github.com/odysseythink/mlog/encoder_json.go:56.2,59.12 3 1
github.com/odysseythink/mlog/encoder_json.go:62.52,64.22 2 1
github.com/odysseythink/mlog/encoder_json.go:64.22,65.12 1 1
github.com/odysseythink/mlog/encoder_json.go:66.12,67.32 1 1
github.com/odysseythink/mlog/encoder_json.go:68.13,69.33 1 1
github.com/odysseythink/mlog/encoder_json.go:70.13,71.32 1 0
github.com/odysseythink/mlog/encoder_json.go:72.13,73.32 1 1
github.com/odysseythink/mlog/encoder_json.go:74.13,75.32 1 1
github.com/odysseythink/mlog/encoder_json.go:76.11,77.16 1 1
github.com/odysseythink/mlog/encoder_json.go:77.16,80.5 2 1
github.com/odysseythink/mlog/encoder_json.go:80.10,84.5 3 1
github.com/odysseythink/mlog/encoder_json.go:87.2,88.12 2 1
github.com/odysseythink/mlog/encoder_json.go:91.53,92.16 1 1
github.com/odysseythink/mlog/encoder_json.go:93.22,94.47 1 1
github.com/odysseythink/mlog/encoder_json.go:95.24,96.88 1 1
github.com/odysseythink/mlog/encoder_json.go:97.23,98.41 1 1
github.com/odysseythink/mlog/encoder_json.go:99.21,100.21 1 1
github.com/odysseythink/mlog/encoder_json.go:100.21,102.4 1 1
github.com/odysseythink/mlog/encoder_json.go:103.3,103.33 1 1
github.com/odysseythink/mlog/encoder_json.go:104.25,105.47 1 1
github.com/odysseythink/mlog/encoder_json.go:106.20,107.25 1 1
github.com/odysseythink/mlog/encoder_json.go:107.25,109.4 1 1
github.com/odysseythink/mlog/encoder_json.go:110.3,110.32 1 1
github.com/odysseythink/mlog/encoder_json.go:111.20,112.63 1 1
github.com/odysseythink/mlog/encoder_json.go:113.10,114.32 1 1
github.com/odysseythink/mlog/encoder_logfmt.go:13.41,13.53 1 1
github.com/odysseythink/mlog/encoder_logfmt.go:15.58,27.47 9 1
github.com/odysseythink/mlog/encoder_logfmt.go:27.47,29.3 1 0
github.com/odysseythink/mlog/encoder_logfmt.go:30.2,38.33 7 1
github.com/odysseythink/mlog/encoder_logfmt.go:38.33,43.3 4 1
github.com/odysseythink/mlog/encoder_logfmt.go:45.2,48.12 3 1
github.com/odysseythink/mlog/encoder_logfmt.go:51.54,53.16 2 1
github.com/odysseythink/mlog/encoder_logfmt.go:53.16,55.31 2 1
github.com/odysseythink/mlog/encoder_logfmt.go:55.31,56.16 1 1
github.com/odysseythink/mlog/encoder_logfmt.go:57.13,58.33 1 1
github.com/odysseythink/mlog/encoder_logfmt.go:59.14,60.34 1 0
github.com/odysseythink/mlog/encoder_logfmt.go:61.14,62.33 1 0
github.com/odysseythink/mlog/encoder_logfmt.go:63.14,64.33 1 0
github.com/odysseythink/mlog/encoder_logfmt.go:65.14,66.33 1 0
github.com/odysseythink/mlog/encoder_logfmt.go:67.12,68.28 1 1
github.com/odysseythink/mlog/encoder_logfmt.go:71.3,72.13 2 1
github.com/odysseythink/mlog/encoder_logfmt.go:74.2,74.26 1 1
github.com/odysseythink/mlog/encoder_logfmt.go:77.55,78.16 1 1
github.com/odysseythink/mlog/encoder_logfmt.go:79.22,80.47 1 1
github.com/odysseythink/mlog/encoder_logfmt.go:81.24,82.88 1 1
github.com/odysseythink/mlog/encoder_logfmt.go:83.23,84.43 1 1
github.com/odysseythink/mlog/encoder_logfmt.go:85.21,86.21 1 1
github.com/odysseythink/mlog/encoder_logfmt.go:86.21,88.4 1 1
github.com/odysseythink/mlog/encoder_logfmt.go:89.3,89.33 1 1
github.com/odysseythink/mlog/encoder_logfmt.go:90.25,91.59 1 1
github.com/odysseythink/mlog/encoder_logfmt.go:92.20,93.25 1 1
github.com/odysseythink/mlog/encoder_logfmt.go:93.25,95.4 1 1
github.com/odysseythink/mlog/encoder_logfmt.go:96.3,96.13 1 0
github.com/odysseythink/mlog/encoder_logfmt.go:97.20,98.65 1 1
github.com/odysseythink/mlog/encoder_logfmt.go:99.10,100.13 1 1
github.com/odysseythink/mlog/encoder_text.go:13.39,13.51 1 1
github.com/odysseythink/mlog/encoder_text.go:15.56,49.47 29 1
github.com/odysseythink/mlog/encoder_text.go:49.47,51.3 1 1
github.com/odysseythink/mlog/encoder_text.go:52.2,55.45 4 1
github.com/odysseythink/mlog/encoder_text.go:55.45,57.3 1 1
github.com/odysseythink/mlog/encoder_text.go:58.2,68.33 7 1
github.com/odysseythink/mlog/encoder_text.go:68.33,73.3 4 1
github.com/odysseythink/mlog/encoder_text.go:75.2,78.12 3 1
github.com/odysseythink/mlog/encoder_text.go:81.53,82.16 1 1
github.com/odysseythink/mlog/encoder_text.go:83.22,84.47 1 1
github.com/odysseythink/mlog/encoder_text.go:85.24,86.88 1 1
github.com/odysseythink/mlog/encoder_text.go:87.23,88.34 1 1
github.com/odysseythink/mlog/encoder_text.go:89.21,90.21 1 1
github.com/odysseythink/mlog/encoder_text.go:90.21,92.4 1 1
github.com/odysseythink/mlog/encoder_text.go:93.3,93.33 1 1
github.com/odysseythink/mlog/encoder_text.go:94.25,95.59 1 1
github.com/odysseythink/mlog/encoder_text.go:96.20,97.25 1 1
github.com/odysseythink/mlog/encoder_text.go:97.25,99.4 1 1
github.com/odysseythink/mlog/encoder_text.go:100.3,100.13 1 1
github.com/odysseythink/mlog/encoder_text.go:101.20,102.66 1 1
github.com/odysseythink/mlog/encoder_text.go:103.10,104.13 1 1
github.com/odysseythink/mlog/encoder_text.go:110.65,114.19 4 1
github.com/odysseythink/mlog/encoder_text.go:114.19,117.3 2 1
github.com/odysseythink/mlog/encoder_text.go:118.2,118.25 1 1
github.com/odysseythink/mlog/encoder_text.go:118.25,120.3 1 1
github.com/odysseythink/mlog/encoder_text.go:121.2,122.32 2 1
github.com/odysseythink/mlog/entry.go:18.18,22.3 1 1
github.com/odysseythink/mlog/entry.go:25.24,28.2 2 1
github.com/odysseythink/mlog/entry.go:30.25,34.26 4 1
github.com/odysseythink/mlog/entry.go:34.26,36.3 1 1
github.com/odysseythink/mlog/entry.go:37.2,43.18 7 1
github.com/odysseythink/mlog/field.go:29.37,31.2 1 1
github.com/odysseythink/mlog/field.go:33.41,35.2 1 1
github.com/odysseythink/mlog/field.go:37.45,39.2 1 1
github.com/odysseythink/mlog/field.go:41.36,43.2 1 1
github.com/odysseythink/mlog/field.go:45.39,47.2 1 1
github.com/odysseythink/mlog/field.go:49.52,51.2 1 1
github.com/odysseythink/mlog/field.go:53.27,55.2 1 1
github.com/odysseythink/mlog/field.go:57.37,59.2 1 1
github.com/odysseythink/mlog/field.go:61.32,62.7 1 1
github.com/odysseythink/mlog/field.go:62.7,64.3 1 1
github.com/odysseythink/mlog/field.go:65.2,65.10 1 1
github.com/odysseythink/mlog/logsink.go:40.35,41.11 1 1
github.com/odysseythink/mlog/logsink.go:42.22,43.17 1 1
github.com/odysseythink/mlog/logsink.go:44.21,45.16 1 1
github.com/odysseythink/mlog/logsink.go:46.24,47.19 1 1
github.com/odysseythink/mlog/logsink.go:48.22,49.17 1 1
github.com/odysseythink/mlog/logsink.go:50.22,51.17 1 1
github.com/odysseythink/mlog/logsink.go:53.2,53.36 1 1
github.com/odysseythink/mlog/logsink.go:57.51,59.51 2 1
github.com/odysseythink/mlog/logsink.go:59.51,60.25 1 1
github.com/odysseythink/mlog/logsink.go:60.25,62.4 1 1
github.com/odysseythink/mlog/logsink.go:64.2,64.61 1 1
github.com/odysseythink/mlog/logsink.go:175.18,178.3 2 1
github.com/odysseythink/mlog/logsink.go:183.18,185.3 1 1
github.com/odysseythink/mlog/logsink.go:189.29,190.33 1 1
github.com/odysseythink/mlog/logsink.go:190.33,192.3 1 1
github.com/odysseythink/mlog/logsink.go:193.2,194.21 2 1
github.com/odysseythink/mlog/logsink.go:202.102,209.30 4 1
github.com/odysseythink/mlog/logsink.go:209.30,210.19 1 1
github.com/odysseythink/mlog/logsink.go:210.19,212.4 1 1
github.com/odysseythink/mlog/logsink.go:214.2,214.53 1 1
github.com/odysseythink/mlog/logsink.go:214.53,216.3 1 1
github.com/odysseythink/mlog/logsink.go:219.2,219.33 1 1
github.com/odysseythink/mlog/logsink.go:219.33,220.35 1 1
github.com/odysseythink/mlog/logsink.go:220.35,224.4 2 1
github.com/odysseythink/mlog/logsink.go:227.2,229.17 3 1
github.com/odysseythink/mlog/logsink.go:229.17,232.3 2 1
github.com/odysseythink/mlog/logsink.go:232.8,235.3 2 1
github.com/odysseythink/mlog/logsink.go:245.2,271.2 26 1
github.com/odysseythink/mlog/logsink.go:271.2,273.48 2 1
github.com/odysseythink/mlog/logsink.go:273.48,275.4 1 1
github.com/odysseythink/mlog/logsink.go:276.3,276.24 1 1
github.com/odysseythink/mlog/logsink.go:278.2,279.2 2 1
github.com/odysseythink/mlog/logsink.go:279.2,281.52 2 1
github.com/odysseythink/mlog/logsink.go:281.52,283.4 1 0
github.com/odysseythink/mlog/logsink.go:284.3,284.28 1 1
github.com/odysseythink/mlog/logsink.go:286.2,287.2 2 1
github.com/odysseythink/mlog/logsink.go:287.2,290.3 2 1
github.com/odysseythink/mlog/logsink.go:291.2,295.36 4 1
github.com/odysseythink/mlog/logsink.go:295.36,297.3 1 1
github.com/odysseythink/mlog/logsink.go:298.2,299.43 2 1
github.com/odysseythink/mlog/logsink.go:299.43,301.3 1 1
github.com/odysseythink/mlog/logsink.go:303.2,303.26 1 1
github.com/odysseythink/mlog/logsink.go:303.26,305.13 2 1
github.com/odysseythink/mlog/logsink.go:305.13,307.4 1 1
github.com/odysseythink/mlog/logsink.go:308.3,308.32 1 1
github.com/odysseythink/mlog/logsink.go:308.32,310.4 1 1
github.com/odysseythink/mlog/logsink.go:313.2,313.34 1 1
github.com/odysseythink/mlog/logsink.go:313.34,319.3 2 1
github.com/odysseythink/mlog/logsink.go:319.8,321.3 1 1
github.com/odysseythink/mlog/logsink.go:322.2,322.15 1 1
github.com/odysseythink/mlog/logsink.go:326.42,329.2 2 1
github.com/odysseythink/mlog/logsink.go:333.60,338.19 4 1
github.com/odysseythink/mlog/logsink.go:338.19,341.3 2 1
github.com/odysseythink/mlog/logsink.go:342.2,342.25 1 1
github.com/odysseythink/mlog/logsink.go:342.25,344.3 1 1
github.com/odysseythink/mlog/logsink.go:345.2,346.20 2 1
github.com/odysseythink/mlog/logsink.go:355.83,359.39 3 1
github.com/odysseythink/mlog/logsink.go:359.39,361.58 1 1
github.com/odysseythink/mlog/logsink.go:361.58,362.22 1 1
github.com/odysseythink/mlog/logsink.go:362.22,364.30 1 1
github.com/odysseythink/mlog/logsink.go:364.30,365.38 1 1
github.com/odysseythink/mlog/logsink.go:365.38,367.12 2 1
github.com/odysseythink/mlog/logsink.go:370.5,370.23 1 1
github.com/odysseythink/mlog/logsink.go:370.23,373.6 2 0
github.com/odysseythink/mlog/logsink.go:376.3,377.13 2 1
github.com/odysseythink/mlog/logsink.go:377.13,379.4 1 0
github.com/odysseythink/mlog/logsink.go:380.3,380.32 1 1
github.com/odysseythink/mlog/logsink.go:380.32,382.4 1 1
github.com/odysseythink/mlog/logsink.go:384.2,384.15 1 1
github.com/odysseythink/mlog/logsink.go:435.106,437.2 1 1
github.com/odysseythink/mlog/logsink_fatal.go:8.38,11.2 1 1
github.com/odysseythink/mlog/logsink_fatal.go:17.57,19.14 2 1
github.com/odysseythink/mlog/logsink_fatal.go:19.14,21.3 1 0
github.com/odysseythink/mlog/logsink_fatal.go:22.2,22.28 1 1
github.com/odysseythink/mlog/logsink_fatal.go:29.62,31.14 2 0
github.com/odysseythink/mlog/logsink_fatal.go:31.14,33.3 1 0
github.com/odysseythink/mlog/logsink_fatal.go:34.2,34.28 1 0
github.com/odysseythink/mlog/mlog.go:118.37,120.2 1 1
github.com/odysseythink/mlog/mlog.go:123.37,125.2 1 1
github.com/odysseythink/mlog/mlog.go:151.40,152.43 1 1
github.com/odysseythink/mlog/mlog.go:152.43,154.3 1 1
github.com/odysseythink/mlog/mlog.go:155.2,156.19 2 1
github.com/odysseythink/mlog/mlog.go:159.76,179.2 4 0
github.com/odysseythink/mlog/mlog.go:182.96,184.2 1 1
github.com/odysseythink/mlog/mlog.go:188.120,192.9 4 1
github.com/odysseythink/mlog/mlog.go:192.9,196.3 3 0
github.com/odysseythink/mlog/mlog.go:196.8,198.17 2 1
github.com/odysseythink/mlog/mlog.go:198.17,200.4 1 1
github.com/odysseythink/mlog/mlog.go:201.3,203.53 3 1
github.com/odysseythink/mlog/mlog.go:203.53,206.4 2 1
github.com/odysseythink/mlog/mlog.go:206.9,208.4 1 0
github.com/odysseythink/mlog/mlog.go:211.2,211.51 1 1
github.com/odysseythink/mlog/mlog.go:211.51,213.3 1 0
github.com/odysseythink/mlog/mlog.go:214.2,230.21 6 1
github.com/odysseythink/mlog/mlog.go:236.64,237.20 1 1
github.com/odysseythink/mlog/mlog.go:237.20,240.3 2 1
github.com/odysseythink/mlog/mlog.go:241.2,242.9 2 1
github.com/odysseythink/mlog/mlog.go:242.9,244.3 1 1
github.com/odysseythink/mlog/mlog.go:245.2,246.31 2 1
github.com/odysseythink/mlog/mlog.go:246.31,247.31 1 1
github.com/odysseythink/mlog/mlog.go:247.31,249.4 1 1
github.com/odysseythink/mlog/mlog.go:251.2,251.41 1 1
github.com/odysseythink/mlog/mlog.go:254.80,257.2 2 1
github.com/odysseythink/mlog/mlog.go:259.66,262.2 2 1
github.com/odysseythink/mlog/mlog.go:264.92,265.20 1 1
github.com/odysseythink/mlog/mlog.go:265.20,268.3 2 0
github.com/odysseythink/mlog/mlog.go:269.2,270.9 2 1
github.com/odysseythink/mlog/mlog.go:270.9,272.3 1 0
github.com/odysseythink/mlog/mlog.go:273.2,274.31 2 1
github.com/odysseythink/mlog/mlog.go:274.31,275.31 1 0
github.com/odysseythink/mlog/mlog.go:275.31,277.4 1 0
github.com/odysseythink/mlog/mlog.go:279.2,279.55 1 1
github.com/odysseythink/mlog/mlog.go:282.102,284.42 2 1
github.com/odysseythink/mlog/mlog.go:284.42,286.3 1 0
github.com/odysseythink/mlog/mlog.go:287.2,298.21 10 1
github.com/odysseythink/mlog/mlog.go:298.21,300.3 1 0
github.com/odysseythink/mlog/mlog.go:300.8,302.3 1 1
github.com/odysseythink/mlog/mlog.go:304.2,304.45 1 1
github.com/odysseythink/mlog/mlog.go:304.45,305.39 1 0
github.com/odysseythink/mlog/mlog.go:305.39,309.4 3 0
github.com/odysseythink/mlog/mlog.go:312.2,312.33 1 1
github.com/odysseythink/mlog/mlog.go:317.59,320.57 3 1
github.com/odysseythink/mlog/mlog.go:320.57,323.3 2 1
github.com/odysseythink/mlog/mlog.go:325.2,325.16 1 1
github.com/odysseythink/mlog/mlog.go:325.16,330.25 1 0
github.com/odysseythink/mlog/mlog.go:330.25,339.4 8 0
github.com/odysseythink/mlog/mlog.go:350.37,352.16 2 1
github.com/odysseythink/mlog/mlog.go:352.16,353.65 1 0
github.com/odysseythink/mlog/mlog.go:357.2,358.34 2 1
github.com/odysseythink/mlog/mlog.go:366.52,368.16 2 1
github.com/odysseythink/mlog/mlog.go:368.16,369.65 1 0
github.com/odysseythink/mlog/mlog.go:371.2,371.58 1 1
github.com/odysseythink/mlog/mlog.go:380.56,387.105 2 1
github.com/odysseythink/mlog/mlog.go:387.105,389.3 1 1
github.com/odysseythink/mlog/mlog.go:389.8,393.17 4 1
github.com/odysseythink/mlog/mlog.go:393.17,396.4 2 0
github.com/odysseythink/mlog/mlog.go:402.2,416.29 6 1
github.com/odysseythink/mlog/mlog.go:416.29,418.3 1 0
github.com/odysseythink/mlog/mlog.go:420.2,423.20 3 1
github.com/odysseythink/mlog/mlog.go:428.39,430.11 2 1
github.com/odysseythink/mlog/mlog.go:431.9,432.12 1 0
github.com/odysseythink/mlog/mlog.go:433.9,434.14 1 1
github.com/odysseythink/mlog/mlog.go:437.2,439.27 3 0
github.com/odysseythink/mlog/mlog.go:439.27,441.28 2 0
github.com/odysseythink/mlog/mlog.go:441.28,443.4 1 0
github.com/odysseythink/mlog/mlog.go:443.9,445.4 1 0
github.com/odysseythink/mlog/mlog.go:446.3,446.23 1 0
github.com/odysseythink/mlog/mlog.go:448.2,448.18 1 0
github.com/odysseythink/mlog/mlog.go:453.34,454.20 1 1
github.com/odysseythink/mlog/mlog.go:454.20,456.3 1 0
github.com/odysseythink/mlog/mlog.go:458.2,459.17 2 1
github.com/odysseythink/mlog/mlog.go:459.17,461.3 1 1
github.com/odysseythink/mlog/mlog.go:462.2,463.18 2 1
github.com/odysseythink/mlog/mlog.go:488.29,490.2 1 0
github.com/odysseythink/mlog/mlog.go:494.45,496.2 1 1
github.com/odysseythink/mlog/mlog.go:500.36,501.36 1 1
github.com/odysseythink/mlog/mlog.go:501.36,502.8 1 1
github.com/odysseythink/mlog/mlog.go:502.8,504.4 1 1
github.com/odysseythink/mlog/mlog.go:505.8,507.3 1 1
github.com/odysseythink/mlog/mlog.go:512.52,513.8 1 1
github.com/odysseythink/mlog/mlog.go:513.8,515.3 1 1
github.com/odysseythink/mlog/mlog.go:516.2,516.36 1 1
github.com/odysseythink/mlog/mlog.go:516.36,518.3 1 1
github.com/odysseythink/mlog/mlog.go:518.8,520.3 1 1
github.com/odysseythink/mlog/mlog.go:525.68,526.8 1 1
github.com/odysseythink/mlog/mlog.go:526.8,528.3 1 1
github.com/odysseythink/mlog/mlog.go:529.2,529.36 1 1
github.com/odysseythink/mlog/mlog.go:529.36,531.3 1 1
github.com/odysseythink/mlog/mlog.go:531.8,533.3 1 1
github.com/odysseythink/mlog/mlog.go:538.38,539.8 1 1
github.com/odysseythink/mlog/mlog.go:539.8,541.3 1 1
github.com/odysseythink/mlog/mlog.go:542.2,542.36 1 1
github.com/odysseythink/mlog/mlog.go:542.36,544.3 1 1
github.com/odysseythink/mlog/mlog.go:544.8,546.3 1 1
github.com/odysseythink/mlog/mlog.go:551.52,552.7 1 1
github.com/odysseythink/mlog/mlog.go:552.7,554.3 1 1
github.com/odysseythink/mlog/mlog.go:559.64,560.8 1 0
github.com/odysseythink/mlog/mlog.go:560.8,562.3 1 0
github.com/odysseythink/mlog/mlog.go:563.2,563.36 1 0
github.com/odysseythink/mlog/mlog.go:563.36,565.3 1 0
github.com/odysseythink/mlog/mlog.go:565.8,567.3 1 0
github.com/odysseythink/mlog/mlog.go:572.80,573.8 1 0
github.com/odysseythink/mlog/mlog.go:573.8,575.3 1 0
github.com/odysseythink/mlog/mlog.go:576.2,576.36 1 0
github.com/odysseythink/mlog/mlog.go:576.36,579.3 2 0
github.com/odysseythink/mlog/mlog.go:579.8,581.3 1 0
github.com/odysseythink/mlog/mlog.go:586.80,587.8 1 0
github.com/odysseythink/mlog/mlog.go:587.8,589.3 1 0
github.com/odysseythink/mlog/mlog.go:590.2,590.36 1 0
github.com/odysseythink/mlog/mlog.go:590.36,592.3 1 0
github.com/odysseythink/mlog/mlog.go:592.8,594.3 1 0
github.com/odysseythink/mlog/mlog.go:599.96,600.8 1 0
github.com/odysseythink/mlog/mlog.go:600.8,602.3 1 0
github.com/odysseythink/mlog/mlog.go:603.2,603.36 1 0
github.com/odysseythink/mlog/mlog.go:603.36,606.3 2 0
github.com/odysseythink/mlog/mlog.go:606.8,608.3 1 0
github.com/odysseythink/mlog/mlog.go:613.25,614.36 1 1
github.com/odysseythink/mlog/mlog.go:614.36,616.3 1 1
github.com/odysseythink/mlog/mlog.go:616.8,618.3 1 1
github.com/odysseythink/mlog/mlog.go:626.41,627.36 1 1
github.com/odysseythink/mlog/mlog.go:627.36,629.3 1 0
github.com/odysseythink/mlog/mlog.go:629.8,631.3 1 1
github.com/odysseythink/mlog/mlog.go:635.57,636.36 1 1
github.com/odysseythink/mlog/mlog.go:636.36,638.3 1 0
github.com/odysseythink/mlog/mlog.go:638.8,640.3 1 1
github.com/odysseythink/mlog/mlog.go:645.27,646.36 1 1
github.com/odysseythink/mlog/mlog.go:646.36,648.3 1 0
github.com/odysseythink/mlog/mlog.go:648.8,650.3 1 1
github.com/odysseythink/mlog/mlog.go:655.41,656.36 1 1
github.com/odysseythink/mlog/mlog.go:656.36,658.3 1 1
github.com/odysseythink/mlog/mlog.go:658.8,660.3 1 1
github.com/odysseythink/mlog/mlog.go:665.53,666.36 1 1
github.com/odysseythink/mlog/mlog.go:666.36,668.3 1 1
github.com/odysseythink/mlog/mlog.go:668.8,670.3 1 1
github.com/odysseythink/mlog/mlog.go:675.69,676.36 1 1
github.com/odysseythink/mlog/mlog.go:676.36,679.3 2 1
github.com/odysseythink/mlog/mlog.go:679.8,681.3 1 1
github.com/odysseythink/mlog/mlog.go:686.69,687.36 1 1
github.com/odysseythink/mlog/mlog.go:687.36,689.3 1 1
github.com/odysseythink/mlog/mlog.go:689.8,691.3 1 1
github.com/odysseythink/mlog/mlog.go:696.85,697.36 1 1
github.com/odysseythink/mlog/mlog.go:697.36,700.3 2 1
github.com/odysseythink/mlog/mlog.go:700.8,702.3 1 1
github.com/odysseythink/mlog/mlog.go:707.24,708.36 1 1
github.com/odysseythink/mlog/mlog.go:708.36,710.3 1 1
github.com/odysseythink/mlog/mlog.go:710.8,712.3 1 1
github.com/odysseythink/mlog/mlog.go:720.40,721.36 1 1
github.com/odysseythink/mlog/mlog.go:721.36,723.3 1 0
github.com/odysseythink/mlog/mlog.go:723.8,725.3 1 1
github.com/odysseythink/mlog/mlog.go:729.56,730.36 1 1
github.com/odysseythink/mlog/mlog.go:730.36,732.3 1 0
github.com/odysseythink/mlog/mlog.go:732.8,734.3 1 1
github.com/odysseythink/mlog/mlog.go:739.26,740.36 1 1
github.com/odysseythink/mlog/mlog.go:740.36,742.3 1 0
github.com/odysseythink/mlog/mlog.go:742.8,744.3 1 1
github.com/odysseythink/mlog/mlog.go:749.40,750.36 1 1
github.com/odysseythink/mlog/mlog.go:750.36,752.3 1 1
github.com/odysseythink/mlog/mlog.go:752.8,754.3 1 1
github.com/odysseythink/mlog/mlog.go:759.52,760.36 1 1
github.com/odysseythink/mlog/mlog.go:760.36,762.3 1 1
github.com/odysseythink/mlog/mlog.go:762.8,764.3 1 1
github.com/odysseythink/mlog/mlog.go:769.68,770.36 1 1
github.com/odysseythink/mlog/mlog.go:770.36,773.3 2 1
github.com/odysseythink/mlog/mlog.go:773.8,775.3 1 1
github.com/odysseythink/mlog/mlog.go:780.68,781.36 1 1
github.com/odysseythink/mlog/mlog.go:781.36,783.3 1 1
github.com/odysseythink/mlog/mlog.go:783.8,785.3 1 1
github.com/odysseythink/mlog/mlog.go:790.84,791.36 1 1
github.com/odysseythink/mlog/mlog.go:791.36,794.3 2 1
github.com/odysseythink/mlog/mlog.go:794.8,796.3 1 1
github.com/odysseythink/mlog/mlog.go:801.27,802.36 1 1
github.com/odysseythink/mlog/mlog.go:802.36,804.3 1 1
github.com/odysseythink/mlog/mlog.go:804.8,806.3 1 1
github.com/odysseythink/mlog/mlog.go:811.43,812.36 1 1
github.com/odysseythink/mlog/mlog.go:812.36,814.3 1 0
github.com/odysseythink/mlog/mlog.go:814.8,816.3 1 1
github.com/odysseythink/mlog/mlog.go:821.59,822.36 1 1
github.com/odysseythink/mlog/mlog.go:822.36,824.3 1 0
github.com/odysseythink/mlog/mlog.go:824.8,826.3 1 1
github.com/odysseythink/mlog/mlog.go:831.29,832.36 1 1
github.com/odysseythink/mlog/mlog.go:832.36,834.3 1 0
github.com/odysseythink/mlog/mlog.go:834.8,836.3 1 1
github.com/odysseythink/mlog/mlog.go:841.43,842.36 1 1
github.com/odysseythink/mlog/mlog.go:842.36,844.3 1 1
github.com/odysseythink/mlog/mlog.go:844.8,846.3 1 1
github.com/odysseythink/mlog/mlog.go:851.55,852.36 1 1
github.com/odysseythink/mlog/mlog.go:852.36,854.3 1 1
github.com/odysseythink/mlog/mlog.go:854.8,856.3 1 1
github.com/odysseythink/mlog/mlog.go:861.71,862.36 1 1
github.com/odysseythink/mlog/mlog.go:862.36,865.3 2 1
github.com/odysseythink/mlog/mlog.go:865.8,867.3 1 1
github.com/odysseythink/mlog/mlog.go:872.71,873.36 1 1
github.com/odysseythink/mlog/mlog.go:873.36,875.3 1 1
github.com/odysseythink/mlog/mlog.go:875.8,877.3 1 1
github.com/odysseythink/mlog/mlog.go:882.87,883.36 1 1
github.com/odysseythink/mlog/mlog.go:883.36,886.3 2 1
github.com/odysseythink/mlog/mlog.go:886.8,888.3 1 1
github.com/odysseythink/mlog/mlog.go:893.25,894.36 1 1
github.com/odysseythink/mlog/mlog.go:894.36,896.3 1 1
github.com/odysseythink/mlog/mlog.go:896.8,898.3 1 1
github.com/odysseythink/mlog/mlog.go:903.41,904.36 1 1
github.com/odysseythink/mlog/mlog.go:904.36,906.3 1 0
github.com/odysseythink/mlog/mlog.go:906.8,908.3 1 1
github.com/odysseythink/mlog/mlog.go:913.57,914.36 1 1
github.com/odysseythink/mlog/mlog.go:914.36,916.3 1 0
github.com/odysseythink/mlog/mlog.go:916.8,918.3 1 1
github.com/odysseythink/mlog/mlog.go:923.27,924.36 1 1
github.com/odysseythink/mlog/mlog.go:924.36,926.3 1 0
github.com/odysseythink/mlog/mlog.go:926.8,928.3 1 1
github.com/odysseythink/mlog/mlog.go:933.41,934.36 1 1
github.com/odysseythink/mlog/mlog.go:934.36,936.3 1 1
github.com/odysseythink/mlog/mlog.go:936.8,938.3 1 1
github.com/odysseythink/mlog/mlog.go:943.53,944.36 1 1
github.com/odysseythink/mlog/mlog.go:944.36,946.3 1 1
github.com/odysseythink/mlog/mlog.go:946.8,948.3 1 1
github.com/odysseythink/mlog/mlog.go:953.69,954.36 1 1
github.com/odysseythink/mlog/mlog.go:954.36,957.3 2 1
github.com/odysseythink/mlog/mlog.go:957.8,959.3 1 1
github.com/odysseythink/mlog/mlog.go:964.69,965.36 1 1
github.com/odysseythink/mlog/mlog.go:965.36,967.3 1 1
github.com/odysseythink/mlog/mlog.go:967.8,969.3 1 1
github.com/odysseythink/mlog/mlog.go:974.85,975.36 1 1
github.com/odysseythink/mlog/mlog.go:975.36,978.3 2 1
github.com/odysseythink/mlog/mlog.go:978.8,980.3 1 1
github.com/odysseythink/mlog/mlog.go:983.76,986.2 2 0
github.com/odysseythink/mlog/mlog.go:988.22,998.2 6 0
github.com/odysseythink/mlog/mlog.go:1000.52,1002.2 1 0
github.com/odysseythink/mlog/mlog.go:1007.25,1008.36 1 0
github.com/odysseythink/mlog/mlog.go:1008.36,1011.3 2 0
github.com/odysseythink/mlog/mlog.go:1011.8,1013.3 1 0
github.com/odysseythink/mlog/mlog.go:1018.41,1019.36 1 0
github.com/odysseythink/mlog/mlog.go:1019.36,1022.3 2 0
github.com/odysseythink/mlog/mlog.go:1022.8,1024.3 1 0
github.com/odysseythink/mlog/mlog.go:1029.57,1030.36 1 0
github.com/odysseythink/mlog/mlog.go:1030.36,1033.3 2 0
github.com/odysseythink/mlog/mlog.go:1033.8,1035.3 1 0
github.com/odysseythink/mlog/mlog.go:1041.27,1042.36 1 0
github.com/odysseythink/mlog/mlog.go:1042.36,1045.3 2 0
github.com/odysseythink/mlog/mlog.go:1045.8,1047.3 1 0
github.com/odysseythink/mlog/mlog.go:1053.41,1054.36 1 0
github.com/odysseythink/mlog/mlog.go:1054.36,1057.3 2 0
github.com/odysseythink/mlog/mlog.go:1057.8,1059.3 1 0
github.com/odysseythink/mlog/mlog.go:1064.53,1065.36 1 0
github.com/odysseythink/mlog/mlog.go:1065.36,1068.3 2 0
github.com/odysseythink/mlog/mlog.go:1068.8,1070.3 1 0
github.com/odysseythink/mlog/mlog.go:1075.69,1076.36 1 0
github.com/odysseythink/mlog/mlog.go:1076.36,1080.3 3 0
github.com/odysseythink/mlog/mlog.go:1080.8,1082.3 1 0
github.com/odysseythink/mlog/mlog.go:1087.69,1088.36 1 0
github.com/odysseythink/mlog/mlog.go:1088.36,1091.3 2 0
github.com/odysseythink/mlog/mlog.go:1091.8,1093.3 1 0
github.com/odysseythink/mlog/mlog.go:1097.85,1098.36 1 0
github.com/odysseythink/mlog/mlog.go:1098.36,1102.3 3 0
github.com/odysseythink/mlog/mlog.go:1102.8,1104.3 1 0
github.com/odysseythink/mlog/mlog.go:1107.75,1111.2 3 0
github.com/odysseythink/mlog/mlog.go:1113.51,1115.2 1 0
github.com/odysseythink/mlog/mlog.go:1119.24,1120.36 1 0
github.com/odysseythink/mlog/mlog.go:1120.36,1124.3 3 0
github.com/odysseythink/mlog/mlog.go:1124.8,1126.3 1 0
github.com/odysseythink/mlog/mlog.go:1131.40,1132.36 1 0
github.com/odysseythink/mlog/mlog.go:1132.36,1136.3 3 0
github.com/odysseythink/mlog/mlog.go:1136.8,1138.3 1 0
github.com/odysseythink/mlog/mlog.go:1143.56,1144.36 1 0
github.com/odysseythink/mlog/mlog.go:1144.36,1148.3 3 0
github.com/odysseythink/mlog/mlog.go:1148.8,1150.3 1 0
github.com/odysseythink/mlog/mlog.go:1154.26,1155.36 1 0
github.com/odysseythink/mlog/mlog.go:1155.36,1159.3 3 0
github.com/odysseythink/mlog/mlog.go:1159.8,1161.3 1 0
github.com/odysseythink/mlog/mlog.go:1166.40,1167.36 1 0
github.com/odysseythink/mlog/mlog.go:1167.36,1171.3 3 0
github.com/odysseythink/mlog/mlog.go:1171.8,1173.3 1 0
github.com/odysseythink/mlog/mlog.go:1178.52,1179.36 1 0
github.com/odysseythink/mlog/mlog.go:1179.36,1183.3 3 0
github.com/odysseythink/mlog/mlog.go:1183.8,1185.3 1 0
github.com/odysseythink/mlog/mlog.go:1190.68,1191.36 1 0
github.com/odysseythink/mlog/mlog.go:1191.36,1196.3 4 0
github.com/odysseythink/mlog/mlog.go:1196.8,1198.3 1 0
github.com/odysseythink/mlog/mlog.go:1203.68,1204.36 1 0
github.com/odysseythink/mlog/mlog.go:1204.36,1208.3 3 0
github.com/odysseythink/mlog/mlog.go:1208.8,1210.3 1 0
github.com/odysseythink/mlog/mlog.go:1215.84,1216.36 1 0
github.com/odysseythink/mlog/mlog.go:1216.36,1221.3 4 0
github.com/odysseythink/mlog/mlog.go:1221.8,1223.3 1 0
github.com/odysseythink/mlog/mlog_file.go:30.29,32.2 1 1
github.com/odysseythink/mlog/mlog_file.go:34.92,36.2 1 1
github.com/odysseythink/mlog/mlog_file.go:39.28,41.2 1 1
github.com/odysseythink/mlog/mlog_file.go:43.34,45.16 2 1
github.com/odysseythink/mlog/mlog_file.go:45.16,46.22 1 1
github.com/odysseythink/mlog/mlog_file.go:46.22,48.4 1 0
github.com/odysseythink/mlog/mlog_file.go:49.3,49.25 1 1
github.com/odysseythink/mlog/mlog_file.go:49.25,51.4 1 1
github.com/odysseythink/mlog/mlog_file.go:52.3,52.15 1 0
github.com/odysseythink/mlog/mlog_file.go:54.2,54.13 1 1
github.com/odysseythink/mlog/mlog_file.go:57.22,58.19 1 1
github.com/odysseythink/mlog/mlog_file.go:58.19,59.26 1 1
github.com/odysseythink/mlog/mlog_file.go:59.26,61.18 2 0
github.com/odysseythink/mlog/mlog_file.go:61.18,63.5 1 0
github.com/odysseythink/mlog/mlog_file.go:65.3,65.37 1 1
github.com/odysseythink/mlog/mlog_file.go:67.2,67.41 1 1
github.com/odysseythink/mlog/mlog_file.go:77.13,79.16 2 1
github.com/odysseythink/mlog/mlog_file.go:79.16,81.3 1 1
github.com/odysseythink/mlog/mlog_file.go:83.2,83.32 1 1
github.com/odysseythink/mlog/mlog_file.go:83.32,85.3 1 1
github.com/odysseythink/mlog/mlog_file.go:87.2,87.43 1 1
github.com/odysseythink/mlog/mlog_file.go:87.43,88.10 1 1
github.com/odysseythink/mlog/mlog_file.go:89.29,89.29 0 1
github.com/odysseythink/mlog/mlog_file.go:90.29,90.29 0 0
github.com/odysseythink/mlog/mlog_file.go:91.29,91.29 0 0
github.com/odysseythink/mlog/mlog_file.go:92.11,93.14 1 0
github.com/odysseythink/mlog/mlog_file.go:95.3,95.11 1 1
github.com/odysseythink/mlog/mlog_file.go:101.44,102.47 1 1
github.com/odysseythink/mlog/mlog_file.go:102.47,104.3 1 1
github.com/odysseythink/mlog/mlog_file.go:105.2,105.17 1 1
github.com/odysseythink/mlog/mlog_file.go:110.59,112.40 2 1
github.com/odysseythink/mlog/mlog_file.go:112.40,114.3 1 0
github.com/odysseythink/mlog/mlog_file.go:116.2,125.34 2 1
github.com/odysseythink/mlog/mlog_file.go:134.91,135.15 1 1
github.com/odysseythink/mlog/mlog_file.go:135.15,137.17 2 0
github.com/odysseythink/mlog/mlog_file.go:137.17,139.4 1 0
github.com/odysseythink/mlog/mlog_file.go:140.3,140.64 1 0
github.com/odysseythink/mlog/mlog_file.go:143.2,144.23 2 1
github.com/odysseythink/mlog/mlog_file.go:144.23,146.3 1 0
github.com/odysseythink/mlog/mlog_file.go:147.2,148.30 2 1
github.com/odysseythink/mlog/mlog_file.go:148.30,150.17 2 1
github.com/odysseythink/mlog/mlog_file.go:150.17,152.4 1 1
github.com/odysseythink/mlog/mlog_file.go:153.3,153.16 1 1
github.com/odysseythink/mlog/mlog_file.go:155.2,155.67 1 1
github.com/odysseythink/mlog/mlog_file.go:158.85,167.16 4 1
github.com/odysseythink/mlog/mlog_file.go:167.16,171.21 4 1
github.com/odysseythink/mlog/mlog_file.go:171.21,175.4 3 0
github.com/odysseythink/mlog/mlog_file.go:176.3,176.23 1 1
github.com/odysseythink/mlog/mlog_file.go:178.2,178.21 1 1
github.com/odysseythink/mlog/mlog_file.go:205.28,206.38 1 1
github.com/odysseythink/mlog/mlog_file.go:206.38,208.3 1 1
github.com/odysseythink/mlog/mlog_file.go:209.2,209.24 1 0
github.com/odysseythink/mlog/mlog_file.go:209.24,210.24 1 0
github.com/odysseythink/mlog/mlog_file.go:210.24,213.4 2 0
github.com/odysseythink/mlog/mlog_file.go:215.2,215.38 1 0
github.com/odysseythink/mlog/mlog_file.go:215.38,217.3 1 0
github.com/odysseythink/mlog/mlog_file.go:218.2,218.12 1 0
github.com/odysseythink/mlog/mlog_file.go:221.13,224.32 1 1
github.com/odysseythink/mlog/mlog_file.go:224.32,226.3 1 1
github.com/odysseythink/mlog/mlog_file.go:227.2,230.35 2 1
github.com/odysseythink/mlog/mlog_file.go:230.35,232.3 1 1
github.com/odysseythink/mlog/mlog_file.go:246.51,248.2 1 1
github.com/odysseythink/mlog/mlog_file.go:251.75,255.14 4 1
github.com/odysseythink/mlog/mlog_file.go:255.14,257.3 1 0
github.com/odysseythink/mlog/mlog_file.go:258.2,260.15 3 1
github.com/odysseythink/mlog/mlog_file.go:270.54,272.2 1 1
github.com/odysseythink/mlog/mlog_file.go:275.78,277.27 2 0
github.com/odysseythink/mlog/mlog_file.go:277.27,279.3 1 0
github.com/odysseythink/mlog/mlog_file.go:282.2,283.41 2 0
github.com/odysseythink/mlog/mlog_file.go:283.41,284.28 1 0
github.com/odysseythink/mlog/mlog_file.go:284.28,287.51 3 0
github.com/odysseythink/mlog/mlog_file.go:287.51,290.5 2 0
github.com/odysseythink/mlog/mlog_file.go:291.4,294.55 4 0
github.com/odysseythink/mlog/mlog_file.go:297.2,305.41 5 0
github.com/odysseythink/mlog/mlog_file.go:305.41,306.35 1 0
github.com/odysseythink/mlog/mlog_file.go:306.35,309.4 2 0
github.com/odysseythink/mlog/mlog_file.go:310.3,310.24 1 0
github.com/odysseythink/mlog/mlog_file.go:313.2,313.13 1 0
github.com/odysseythink/mlog/mlog_file.go:313.13,316.3 2 0
github.com/odysseythink/mlog/mlog_file.go:319.2,319.34 1 0
github.com/odysseythink/mlog/mlog_file.go:319.34,320.10 1 0
github.com/odysseythink/mlog/mlog_file.go:321.20,321.20 0 0
github.com/odysseythink/mlog/mlog_file.go:322.38,323.55 1 0
github.com/odysseythink/mlog/mlog_file.go:327.2,327.23 1 0
github.com/odysseythink/mlog/mlog_file.go:331.75,338.37 7 1
github.com/odysseythink/mlog/mlog_file.go:338.37,340.3 1 1
github.com/odysseythink/mlog/mlog_file.go:340.8,342.3 1 1
github.com/odysseythink/mlog/mlog_file.go:343.2,343.14 1 1
github.com/odysseythink/mlog/mlog_file.go:347.14,348.35 1 1
github.com/odysseythink/mlog/mlog_file.go:348.35,349.43 1 1
github.com/odysseythink/mlog/mlog_file.go:349.43,351.4 1 1
github.com/odysseythink/mlog/mlog_file.go:356.20,357.35 1 1
github.com/odysseythink/mlog/mlog_file.go:357.35,358.43 1 1
github.com/odysseythink/mlog/mlog_file.go:358.43,360.4 1 1
github.com/odysseythink/mlog/mlog_file.go:362.2,362.12 1 1
github.com/odysseythink/mlog/mlog_file.go:367.38,368.35 1 0
github.com/odysseythink/mlog/mlog_file.go:368.35,369.35 1 0
github.com/odysseythink/mlog/mlog_file.go:369.35,371.4 1 0
github.com/odysseythink/mlog/mlog_file.go:375.2,375.48 1 0
github.com/odysseythink/mlog/mlog_file.go:375.48,376.67 1 0
github.com/odysseythink/mlog/mlog_file.go:376.67,382.4 5 0
github.com/odysseythink/mlog/mlog_file.go:391.40,393.16 2 1
github.com/odysseythink/mlog/mlog_file.go:393.16,395.3 1 1
github.com/odysseythink/mlog/mlog_file.go:396.2,396.27 1 1
github.com/odysseythink/mlog/mlog_file.go:396.27,398.3 1 0
github.com/odysseythink/mlog/mlog_file.go:400.2,403.31 4 1
github.com/odysseythink/mlog/mlog_file.go:403.31,405.3 1 1
github.com/odysseythink/mlog/mlog_file.go:407.2,407.32 1 0
github.com/odysseythink/mlog/mlog_file_nonwindows.go:10.38,12.2 1 1
github.com/odysseythink/mlog/mlog_file_nonwindows.go:14.26,15.48 1 1
github.com/odysseythink/mlog/mlog_file_nonwindows.go:15.48,17.3 1 1
github.com/odysseythink/mlog/mlog_file_nonwindows.go:18.2,18.11 1 0
github.com/odysseythink/mlog/mlog_file_posix.go:19.27,21.16 2 0
github.com/odysseythink/mlog/mlog_file_posix.go:21.16,23.3 1 0
github.com/odysseythink/mlog/mlog_file_posix.go:24.2,24.50 1 0
github.com/odysseythink/mlog/mlog_file_posix.go:24.50,26.3 1 0
github.com/odysseythink/mlog/mlog_file_posix.go:35.2,36.9 2 0
github.com/odysseythink/mlog/mlog_flags.go:27.51,28.15 1 1
github.com/odysseythink/mlog/mlog_flags.go:28.15,29.13 1 1
github.com/odysseythink/mlog/mlog_flags.go:29.13,31.4 1 1
github.com/odysseythink/mlog/mlog_flags.go:32.3,32.27 1 1
github.com/odysseythink/mlog/mlog_flags.go:34.2,34.12 1 1
github.com/odysseythink/mlog/mlog_flags.go:34.12,37.3 2 1
github.com/odysseythink/mlog/mlog_flags.go:38.2,39.14 2 1
github.com/odysseythink/mlog/mlog_flags.go:44.37,46.2 1 1
github.com/odysseythink/mlog/mlog_flags.go:50.34,52.2 1 1
github.com/odysseythink/mlog/mlog_flags.go:79.33,81.2 1 1
github.com/odysseythink/mlog/mlog_flags.go:84.27,85.20 1 1
github.com/odysseythink/mlog/mlog_flags.go:85.20,88.3 1 1
github.com/odysseythink/mlog/mlog_flags.go:89.2,89.11 1 1
github.com/odysseythink/mlog/mlog_flags.go:93.41,95.16 2 1
github.com/odysseythink/mlog/mlog_flags.go:95.16,97.3 1 1
github.com/odysseythink/mlog/mlog_flags.go:98.2,98.20 1 1
github.com/odysseythink/mlog/mlog_flags.go:98.20,105.3 5 1
github.com/odysseythink/mlog/mlog_flags.go:106.2,107.12 2 1
github.com/odysseythink/mlog/mlog_flags.go:113.38,116.27 1 1
github.com/odysseythink/mlog/mlog_flags.go:116.27,118.3 1 0
github.com/odysseythink/mlog/mlog_flags.go:119.2,123.29 4 1
github.com/odysseythink/mlog/mlog_flags.go:123.29,124.12 1 0
github.com/odysseythink/mlog/mlog_flags.go:124.12,126.4 1 0
github.com/odysseythink/mlog/mlog_flags.go:127.3,127.47 1 0
github.com/odysseythink/mlog/mlog_flags.go:129.2,129.19 1 1
github.com/odysseythink/mlog/mlog_flags.go:133.32,133.46 1 0
github.com/odysseythink/mlog/mlog_flags.go:138.46,140.48 2 0
github.com/odysseythink/mlog/mlog_flags.go:140.48,141.20 1 0
github.com/odysseythink/mlog/mlog_flags.go:141.20,143.12 1 0
github.com/odysseythink/mlog/mlog_flags.go:145.3,146.69 2 0
github.com/odysseythink/mlog/mlog_flags.go:146.69,148.4 1 0
github.com/odysseythink/mlog/mlog_flags.go:149.3,151.17 3 0
github.com/odysseythink/mlog/mlog_flags.go:151.17,153.4 1 0
github.com/odysseythink/mlog/mlog_flags.go:155.3,155.93 1 0
github.com/odysseythink/mlog/mlog_flags.go:158.2,163.12 6 0
github.com/odysseythink/mlog/mlog_flags.go:166.53,167.69 1 0
github.com/odysseythink/mlog/mlog_flags.go:167.69,169.3 1 0
github.com/odysseythink/mlog/mlog_flags.go:171.2,180.55 8 0
github.com/odysseythink/mlog/mlog_flags.go:180.55,182.3 1 0
github.com/odysseythink/mlog/mlog_flags.go:183.2,183.34 1 0
github.com/odysseythink/mlog/mlog_flags.go:183.34,184.31 1 0
github.com/odysseythink/mlog/mlog_flags.go:184.31,186.9 2 0
github.com/odysseythink/mlog/mlog_flags.go:189.2,190.14 2 0
github.com/odysseythink/mlog/mlog_flags.go:193.67,194.44 1 1
github.com/odysseythink/mlog/mlog_flags.go:194.44,197.3 1 1
github.com/odysseythink/mlog/mlog_flags.go:199.2,200.48 2 0
github.com/odysseythink/mlog/mlog_flags.go:200.48,202.3 1 0
github.com/odysseythink/mlog/mlog_flags.go:203.2,204.43 2 0
github.com/odysseythink/mlog/mlog_flags.go:215.62,217.22 2 0
github.com/odysseythink/mlog/mlog_flags.go:217.22,219.3 1 0
github.com/odysseythink/mlog/mlog_flags.go:220.2,221.34 2 0
github.com/odysseythink/mlog/mlog_flags.go:221.34,223.3 1 0
github.com/odysseythink/mlog/mlog_flags.go:224.2,225.16 2 0
github.com/odysseythink/mlog/mlog_flags.go:225.16,227.3 1 0
github.com/odysseythink/mlog/mlog_flags.go:228.2,228.14 1 0
github.com/odysseythink/mlog/mlog_flags.go:228.14,230.3 1 0
github.com/odysseythink/mlog/mlog_flags.go:231.2,231.39 1 0
github.com/odysseythink/mlog/mlog_flags.go:236.58,237.20 1 0
github.com/odysseythink/mlog/mlog_flags.go:237.20,239.3 1 0
github.com/odysseythink/mlog/mlog_flags.go:240.2,240.47 1 0
github.com/odysseythink/mlog/mlog_flags.go:240.47,242.3 1 0
github.com/odysseythink/mlog/mlog_flags.go:243.2,243.23 1 0
github.com/odysseythink/mlog/mlog_flags.go:246.40,248.2 1 0
github.com/odysseythink/mlog/mlog_flags.go:259.42,264.28 4 1
github.com/odysseythink/mlog/mlog_flags.go:264.28,265.12 1 0
github.com/odysseythink/mlog/mlog_flags.go:265.12,267.4 1 0
github.com/odysseythink/mlog/mlog_flags.go:268.3,268.31 1 0
github.com/odysseythink/mlog/mlog_flags.go:270.2,270.21 1 1
github.com/odysseythink/mlog/mlog_flags.go:274.36,274.50 1 0
github.com/odysseythink/mlog/mlog_flags.go:276.50,278.46 2 0
github.com/odysseythink/mlog/mlog_flags.go:278.46,279.14 1 0
github.com/odysseythink/mlog/mlog_flags.go:279.14,280.12 1 0
github.com/odysseythink/mlog/mlog_flags.go:282.3,283.17 2 0
github.com/odysseythink/mlog/mlog_flags.go:283.17,285.4 1 0
github.com/odysseythink/mlog/mlog_flags.go:286.3,286.27 1 0
github.com/odysseythink/mlog/mlog_flags.go:289.2,293.12 5 0
github.com/odysseythink/mlog/mlog_flags.go:296.60,297.39 1 1
github.com/odysseythink/mlog/mlog_flags.go:297.39,299.3 1 1
github.com/odysseythink/mlog/mlog_flags.go:301.2,303.28 3 0
github.com/odysseythink/mlog/mlog_flags.go:303.28,304.27 1 0
github.com/odysseythink/mlog/mlog_flags.go:304.27,306.4 1 0
github.com/odysseythink/mlog/mlog_flags.go:308.2,308.14 1 0
github.com/odysseythink/mlog/mlog_flags.go:314.39,316.2 1 1
github.com/odysseythink/mlog/mlog_flags.go:317.40,317.83 1 1
github.com/odysseythink/mlog/mlog_flags.go:318.40,318.58 1 0
github.com/odysseythink/mlog/mlog_flags.go:319.48,321.16 2 0
github.com/odysseythink/mlog/mlog_flags.go:321.16,324.17 2 0
github.com/odysseythink/mlog/mlog_flags.go:324.17,326.4 1 0
github.com/odysseythink/mlog/mlog_flags.go:327.3,328.62 2 0
github.com/odysseythink/mlog/mlog_flags.go:328.62,330.4 1 0
github.com/odysseythink/mlog/mlog_flags.go:332.2,333.12 2 0
github.com/odysseythink/mlog/mlog_flags.go:360.28,361.25 1 1
github.com/odysseythink/mlog/mlog_flags.go:361.25,362.26 1 1
github.com/odysseythink/mlog/mlog_flags.go:362.26,363.24 1 0
github.com/odysseythink/mlog/mlog_flags.go:364.22,365.34 1 0
github.com/odysseythink/mlog/mlog_flags.go:366.12,366.12 0 0
github.com/odysseythink/mlog/mlog_flags.go:376.56,378.2 1 1
github.com/odysseythink/mlog/mlog_flags.go:382.46,384.2 1 1
github.com/odysseythink/mlog/mlog_flags.go:386.13,399.2 8 1
github.com/odysseythink/mlog/ringbuffer.go:27.46,29.31 2 1
github.com/odysseythink/mlog/ringbuffer.go:29.31,31.3 1 1
github.com/odysseythink/mlog/ringbuffer.go:32.2,37.11 2 1
github.com/odysseythink/mlog/ringbuffer.go:40.53,41.6 1 1
github.com/odysseythink/mlog/ringbuffer.go:41.6,42.23 1 1
github.com/odysseythink/mlog/ringbuffer.go:42.23,44.4 1 1
github.com/odysseythink/mlog/ringbuffer.go:45.3,47.22 3 1
github.com/odysseythink/mlog/ringbuffer.go:47.22,49.4 1 1
github.com/odysseythink/mlog/ringbuffer.go:50.3,50.43 1 1
github.com/odysseythink/mlog/ringbuffer.go:50.43,55.4 4 1
github.com/odysseythink/mlog/ringbuffer.go:59.69,62.19 3 1
github.com/odysseythink/mlog/ringbuffer.go:62.19,66.22 4 1
github.com/odysseythink/mlog/ringbuffer.go:66.22,67.22 1 1
github.com/odysseythink/mlog/ringbuffer.go:67.22,68.43 1 1
github.com/odysseythink/mlog/ringbuffer.go:68.43,69.11 1 1
github.com/odysseythink/mlog/ringbuffer.go:71.10,72.10 1 1
github.com/odysseythink/mlog/ringbuffer.go:75.3,78.7 4 1
github.com/odysseythink/mlog/ringbuffer.go:80.2,80.11 1 1
github.com/odysseythink/mlog/ringbuffer.go:80.11,82.3 1 1
github.com/odysseythink/mlog/ringbuffer.go:83.2,83.10 1 1
github.com/odysseythink/mlog/ringbuffer.go:86.73,87.31 1 1
github.com/odysseythink/mlog/ringbuffer.go:87.31,88.29 1 1
github.com/odysseythink/mlog/ringbuffer.go:88.29,90.4 1 1
github.com/odysseythink/mlog/ringbuffer.go:91.3,91.20 1 1
github.com/odysseythink/mlog/ringbuffer.go:93.2,93.14 1 1
github.com/odysseythink/mlog/ringbuffer.go:96.33,98.2 1 1
github.com/odysseythink/mlog/ringbuffer.go:100.31,102.2 1 1
github.com/odysseythink/mlog/sampler.go:18.60,26.2 4 1
github.com/odysseythink/mlog/sampler.go:28.28,33.18 4 1
github.com/odysseythink/mlog/sampler.go:33.18,35.3 1 1
github.com/odysseythink/mlog/sampler.go:37.2,38.20 2 1
github.com/odysseythink/mlog/sampler.go:38.20,40.3 1 1
github.com/odysseythink/mlog/sampler.go:42.2,42.29 1 1
github.com/odysseythink/mlog/sampler.go:42.29,44.3 1 1
github.com/odysseythink/mlog/sampler.go:46.2,46.44 1 1
github.com/odysseythink/mlog/sampler.go:46.44,47.7 1 1
github.com/odysseythink/mlog/sampler.go:47.7,50.28 3 1
github.com/odysseythink/mlog/sampler.go:50.28,52.5 1 0
github.com/odysseythink/mlog/sampler.go:53.4,53.48 1 1
github.com/odysseythink/mlog/sampler.go:53.48,54.10 1 1
github.com/odysseythink/mlog/sampler.go:61.32,62.14 1 1
github.com/odysseythink/mlog/sampler.go:62.14,64.3 1 1
github.com/odysseythink/mlog/sampler.go:65.2,66.6 2 1
github.com/odysseythink/mlog/sampler.go:66.6,68.15 2 1
github.com/odysseythink/mlog/sampler.go:68.15,70.4 1 1
github.com/odysseythink/mlog/sampler.go:71.3,71.42 1 1
github.com/odysseythink/mlog/sampler.go:71.42,73.4 1 1
github.com/odysseythink/mlog/sampler.go:79.52,80.14 1 1
github.com/odysseythink/mlog/sampler.go:80.14,82.3 1 1
github.com/odysseythink/mlog/sampler.go:83.2,83.27 1 1
github.com/odysseythink/mlog/sampler.go:83.27,85.3 1 1
github.com/odysseythink/mlog/sampler.go:86.2,86.18 1 1
github.com/odysseythink/mlog/stackdump.go:13.41,14.38 1 1
github.com/odysseythink/mlog/stackdump.go:14.38,17.55 3 1
github.com/odysseythink/mlog/stackdump.go:17.55,19.4 1 0
github.com/odysseythink/mlog/stackdump.go:19.9,19.65 1 1
github.com/odysseythink/mlog/stackdump.go:19.65,21.4 1 1
github.com/odysseythink/mlog/stackdump.go:23.2,23.10 1 0
github.com/odysseythink/mlog/stackdump.go:35.32,35.57 1 1
github.com/odysseythink/mlog/stackdump.go:40.43,45.2 1 1
github.com/odysseythink/mlog/stackdump.go:50.39,51.29 1 1
github.com/odysseythink/mlog/stackdump.go:51.29,54.19 3 1
github.com/odysseythink/mlog/stackdump.go:54.19,56.4 1 1
github.com/odysseythink/mlog/stackdump.go:63.40,64.28 1 1
github.com/odysseythink/mlog/stackdump.go:64.28,67.19 3 1
github.com/odysseythink/mlog/stackdump.go:67.19,69.4 1 1
github.com/odysseythink/mlog/stackdump.go:79.54,81.26 2 1
github.com/odysseythink/mlog/stackdump.go:81.26,82.16 1 1
github.com/odysseythink/mlog/stackdump.go:82.16,84.9 2 1
github.com/odysseythink/mlog/stackdump.go:87.2,87.20 1 1
github.com/odysseythink/mlog/stackdump.go:87.20,89.3 1 0
github.com/odysseythink/mlog/stackdump.go:91.2,93.60 3 1
github.com/odysseythink/mlog/stackdump.go:93.60,95.16 2 1
github.com/odysseythink/mlog/stackdump.go:95.16,96.12 1 1
github.com/odysseythink/mlog/stackdump.go:98.3,100.75 3 1
github.com/odysseythink/mlog/stackdump.go:100.75,101.9 1 1
github.com/odysseythink/mlog/stackdump.go:105.2,107.15 3 1
github.com/odysseythink/mlog/structured.go:22.36,24.2 1 1
github.com/odysseythink/mlog/structured.go:28.48,33.2 4 1
github.com/odysseythink/mlog/structured.go:36.52,37.36 1 1
github.com/odysseythink/mlog/structured.go:37.36,39.3 1 1
github.com/odysseythink/mlog/structured.go:39.8,41.3 1 1
github.com/odysseythink/mlog/structured.go:45.55,46.36 1 1
github.com/odysseythink/mlog/structured.go:46.36,48.3 1 1
github.com/odysseythink/mlog/structured.go:48.8,50.3 1 1
github.com/odysseythink/mlog/structured.go:54.53,55.36 1 1
github.com/odysseythink/mlog/structured.go:55.36,57.3 1 1
github.com/odysseythink/mlog/structured.go:57.8,59.3 1 1
github.com/odysseythink/mlog/structured.go:63.53,64.36 1 0
github.com/odysseythink/mlog/structured.go:64.36,66.3 1 0
github.com/odysseythink/mlog/structured.go:66.8,68.3 1 0
github.com/odysseythink/mlog/structured.go:72.53,73.36 1 1
github.com/odysseythink/mlog/structured.go:73.36,75.3 1 1
github.com/odysseythink/mlog/structured.go:75.8,77.3 1 1
github.com/odysseythink/mlog/structured.go:81.52,82.36 1 1
github.com/odysseythink/mlog/structured.go:82.36,85.3 2 1
github.com/odysseythink/mlog/structured.go:85.8,87.3 1 1
github.com/odysseythink/mlog/structured.go:91.53,92.36 1 1
github.com/odysseythink/mlog/structured.go:92.36,95.3 2 1
github.com/odysseythink/mlog/structured.go:95.8,97.3 1 1
github.com/odysseythink/mlog/structured.go:101.55,102.36 1 1
github.com/odysseythink/mlog/structured.go:102.36,105.3 2 1
github.com/odysseythink/mlog/structured.go:105.8,107.3 1 1
github.com/odysseythink/mlog/structured.go:111.53,112.36 1 1
github.com/odysseythink/mlog/structured.go:112.36,115.3 2 1
github.com/odysseythink/mlog/structured.go:115.8,117.3 1 1
github.com/odysseythink/mlog/structured.go:121.53,122.36 1 0
github.com/odysseythink/mlog/structured.go:122.36,126.3 3 0
github.com/odysseythink/mlog/structured.go:126.8,128.3 1 0
github.com/odysseythink/mlog/structured.go:132.38,133.36 1 1
github.com/odysseythink/mlog/structured.go:133.36,136.3 2 1
github.com/odysseythink/mlog/structured.go:136.8,138.3 1 1
github.com/odysseythink/mlog/structured.go:142.39,143.36 1 1
github.com/odysseythink/mlog/structured.go:143.36,146.3 2 1
github.com/odysseythink/mlog/structured.go:146.8,148.3 1 1
github.com/odysseythink/mlog/structured.go:152.41,153.36 1 1
github.com/odysseythink/mlog/structured.go:153.36,156.3 2 1
github.com/odysseythink/mlog/structured.go:156.8,158.3 1 1
github.com/odysseythink/mlog/structured.go:162.39,163.36 1 1
github.com/odysseythink/mlog/structured.go:163.36,166.3 2 1
github.com/odysseythink/mlog/structured.go:166.8,168.3 1 1
github.com/odysseythink/mlog/structured.go:172.39,173.36 1 0
github.com/odysseythink/mlog/structured.go:173.36,177.3 3 0
github.com/odysseythink/mlog/structured.go:177.8,179.3 1 0
github.com/odysseythink/mlog/structured.go:182.64,183.50 1 1
github.com/odysseythink/mlog/structured.go:183.50,185.3 1 0
github.com/odysseythink/mlog/structured.go:187.2,188.36 2 1
github.com/odysseythink/mlog/structured.go:188.36,190.3 1 0
github.com/odysseythink/mlog/structured.go:191.2,203.21 11 1
github.com/odysseythink/mlog/structured.go:203.21,206.3 2 1
github.com/odysseythink/mlog/structured.go:206.8,208.3 1 1
github.com/odysseythink/mlog/structured.go:211.2,211.45 1 1
github.com/odysseythink/mlog/structured.go:211.45,212.34 1 0
github.com/odysseythink/mlog/structured.go:212.34,216.4 3 0
github.com/odysseythink/mlog/structured.go:219.2,219.28 1 1
github.com/odysseythink/mlog/structured.go:225.49,227.31 2 1
github.com/odysseythink/mlog/structured.go:227.31,229.3 1 0
github.com/odysseythink/mlog/structured.go:231.2,235.45 3 1
github.com/odysseythink/mlog/structured.go:235.45,236.28 1 1
github.com/odysseythink/mlog/structured.go:236.28,239.51 3 1
github.com/odysseythink/mlog/structured.go:239.51,243.5 3 1
github.com/odysseythink/mlog/structured.go:244.4,247.55 4 1
github.com/odysseythink/mlog/structured.go:250.2,261.27 9 1
github.com/odysseythink/mlog/structured.go:261.27,263.3 1 0
github.com/odysseythink/mlog/structured.go:265.2,266.45 2 1
github.com/odysseythink/mlog/structured.go:266.45,267.32 1 1
github.com/odysseythink/mlog/structured.go:267.32,270.30 3 1
github.com/odysseythink/mlog/structured.go:270.30,277.5 6 1
github.com/odysseythink/mlog/structured.go:278.9,280.4 1 1
github.com/odysseythink/mlog/structured.go:283.2,283.13 1 1
github.com/odysseythink/mlog/structured.go:283.13,285.3 1 1
github.com/odysseythink/mlog/structured.go:288.2,288.27 1 1
github.com/odysseythink/mlog/structured.go:288.27,289.10 1 0
github.com/odysseythink/mlog/structured.go:290.17,290.17 0 0
github.com/odysseythink/mlog/structured.go:291.38,291.38 0 0
github.com/odysseythink/mlog/sync_buffer.go:26.58,29.41 1 1
github.com/odysseythink/mlog/sync_buffer.go:29.41,31.84 2 0
github.com/odysseythink/mlog/sync_buffer.go:31.84,32.45 1 0
github.com/odysseythink/mlog/sync_buffer.go:32.45,34.5 1 0
github.com/odysseythink/mlog/sync_buffer.go:37.2,39.15 3 1
github.com/odysseythink/mlog/sync_buffer.go:42.36,44.2 1 1
github.com/odysseythink/mlog/sync_buffer.go:46.44,48.2 1 1
github.com/odysseythink/mlog/sync_buffer.go:51.55,57.20 5 1
github.com/odysseythink/mlog/sync_buffer.go:57.20,70.3 6 0
github.com/odysseythink/mlog/sync_buffer.go:72.2,75.16 4 1
github.com/odysseythink/mlog/sync_buffer.go:75.16,77.3 1 1
github.com/odysseythink/mlog/sync_buffer.go:79.2,90.12 10 1
github.com/odysseythink/mlog/utils.go:14.83,18.6 2 1
github.com/odysseythink/mlog/utils.go:18.6,21.10 3 1
github.com/odysseythink/mlog/utils.go:21.10,24.9 3 0
github.com/odysseythink/mlog/utils.go:27.3,27.38 1 1
github.com/odysseythink/mlog/utils.go:27.38,28.34 1 1
github.com/odysseythink/mlog/utils.go:28.34,30.19 2 1
github.com/odysseythink/mlog/utils.go:33.3,33.8 1 1
github.com/odysseythink/mlog/utils.go:35.2,35.8 1 1
github.com/odysseythink/mlog/utils.go:38.61,41.2 1 1
github.com/odysseythink/mlog/example/demo01/main.go:11.13,40.2 16 0
